meta:width=142
meta:height=53
meta:name=Bastok Mines Ore Depot
exit:x=36,y=42,map=bastok_mines.map,tx=36,ty=43
exit:x=37,y=42,map=bastok_mines.map,tx=37,ty=43
exit:x=38,y=42,map=bastok_mines.map,tx=38,ty=43
layer:terrain
...........................####ZZZZZ####......................................................................................................
...........................#...........#......................................................................................................
...........................#...........#......................................................................................................
...........................#...........#......................................................................................................
...........................#...........#.####.................................................................................................
...........................#............##..##......................#####.....................................................................
...........................####........##....########################...##################....................................................
..............................#........#......#..........................................#....................................................
................###########...#........#......#..........................................#....................................................
................#.........#...#........#......#.................#############.########...#....................................................
................#.........#...#........#......#.................>#          #.#      #...#....................................................
................####....###...#........#......#.................#############.###### #...#....................................................
...................#....#.....#........##....##....................................# #...#....................................................
...................#....#.....#.........##..##.....................................# #...#....................................................
...................#....#.....#..........#..#...................############..##...# #...#....#####............###..###.......................
...................#....#.....#..........#..#...................#..............#...###...######...##############.####.###.....................
...............#####....#.....#..........|..|...................#..............#........................................#.....................
.............###...#....#....##..........|..|...................#..............#...###..................................#.....................
...........###.....#....#...##...........#..#...................################...# #...##################...###########.....................
..##########.......#....#####............#..#...................#..............#...# #...#                #...#...............................
###..................................#####..##########..........#..................# #...####             #...#...............................
#...................................##...............###........#..............#...# #......#             #...#...............................
#.................................###..................##.......################...########################...##..............................
#................................##.....................#..........................................#    #......#..............................
####.............................#......................#..........................................#    #......#..............................
Z..#.............................#......................#...............########################...#    ####...#..............................
Z..###...........................#......................#..............##                      ##..#    #..#...#..............................
Z....#...........................#......................#..............#                        #..#    #..#####..............................
#....#...........................#......................#..............#                        #..#    #.....................................
##...###.....#####...........#...#......................#..............##########################..#######....................................
.#.....#....##...#...........#...#.....................#########.......#........................#.....#  #####################################
.#.....#...##....##..........#...#.....................#    #  #.......#........................#.....#                 #....................#
.#.....#..##......#..........#...#.....................#    #  #.......##......................##.....################# #....................#
.#........#.......#..........#...#.....................######  #........##....................##......................# #....................#
.#........#.......#..........#...#.....................#       #.........##..................##.......................# #..........#.........#
.###......#.......#..........#...#.....................#       #..........####..###..###..####........................###..........#.........Z
...########.......#..........#...#.....................#       #...................................................................#.........Z
...#.............##..........#...#.....................#       #...................................................................#.........Z
...##...........##...........#...#.....................#       #......................................................###..........#.........#
....##........###............#...#.....................#       #......................................................# #..........#.........#
.....###......#..............#...#.....................#       #.................................................###### #....................#
.......##.....#..............#...#.....................###     #................................................##......#....................#
........###...#..............#...###ZZZ#.................#     #...............................................##.......##...................#
..........#####..............#.....#####..............####     #..............................................##.........#####################
..............####...........#.........#..............#        #......................####..####.....####....##...............................
.................####........#.........#..............############...................##........##..###..###.##................................
....................####################.........................#...................#..........####......###.................................
.............................#...................................#...................#..........#..........#..................................
.............................#...................................#...................#....................##..................................
.............................#...................................#...................#...................##...................................
.............................#...................................#...............#####..........#...######....................................
.............................##########################################ZZZZZZZ####   ################.........................................
                                                                                                                                              
