meta:width=142
meta:height=53
meta:name=Bastok Mines
exit:x=36,y=42,map=bastok_mines_depot.map,tx=59,ty=47
layer:terrain
                           ####ZZZZZ####                                                                                                      
                           #...........#                                                                                                      
                           #...........#                                                                                                      
                           #...........#                                                                                                      
                           #...........#                                                                                                      
                           #...........#                            #####                                                                     
                           ####........#    #########################...##################                                                    
                              #........#    #............................................#                                                    
                ###########   #........#    #............................................#                                                    
                #.........#   #........#    #...................#############.########...#                                                    
                #.........#   #......###    #...................>#          #.#      #...#                                                    
                ####....###   #......#      #...................#############.###### #...#                                                    
                   #....#     #......#      #......................................# #...#                                                    
                   #....#     #......#      #......................................# #...#                                                    
                   #....#     #......#      #...................############..##...# #...#    #####            ###  ###                       
                   #....#     #......#      #...................#..............#...###...######...##############.####.###                     
               #####....#     #......########...................#..............#........................................#                     
             ###...#....#    ##.................................#..............#...###..................................#                     
           ###.....#....#   ##..................................################...# #...##################...###########                     
  ##########.......#....#####...................................#..............#...# #...#                #...#                               
###..................................#################..........#..................# #...####             #...#                               
#...................................##               ###........#..............#...# #......#             #...#                               
#.................................###                  ##.......################...########################...##                              
#................................##                     #..........................................#    #......#                              
####.............................#                      #..........................................#    #......#                              
Z..#.............................#                      #...............########################...#    ####...#                              
Z..###...........................#                      #..............##                      ##..#    #  #...#                              
Z....#...........................#                      #..............#                        #..#    #  #####                              
#....#...........................#                      #..............#                        #..#    #                                     
##...###.....#####...........#...#                      #..............##########################..#######                                    
 #.....#....##   #...........#...#                     #########.......#........................#.....#  #####################################
 #.....#...##    ##..........#...#                     #    #..#.......#........................#.....#                 #....................#
 #.....#..##      #..........#...#                     #    #..#.......##......................##.....################# #....................#
 #........#       #..........#...#                     ######..#........##....................##......................# #....................#
 #........#       #..........#...#                     #.......#.........##..................##.......................# #..........#.........#
 ###......#       #..........#...#######################.......#..........####..###..###..####........................###..........#.........Z
   ########       #..........#.................................#...................................................................#.........Z
   #             ##..........#...#######################.......#...................................................................#.........Z
   ##           ##...........#...#                     #.......#......................................................###..........#.........#
    ##        ###............#...#                     #.......#......................................................# #..........#.........#
     ###      #..............#...#                     #.......#.................................................###### #....................#
       ##     #..............#...# #####               ###.....#................................................##      #....................#
        ###   #..............#...###ZZZ#                 #.....#...............................................##       ##...................#
          #####..............#.........#              ####.....#..............................................##         #####################
              ####...........#.........#              #........#......................####..####.....####....##                               
                 ####........#.........#              ############...................##........##..###..###.##                                
                    ####################                         #...................#..........####......###                                 
                                                                 #...................#..........#..........#                                  
                                                                 #...................#....................##                                  
                                                                 #...................#...................##                                   
                                                                 #...............#####..........#...######                                    
                                                                 ######ZZZZZZZ####   ################                                         
                                                                                                                                              
